Archive member included to satisfy reference by file (symbol)

c:/program files (x86)/atmel/studio/7.0/toolchain/arm/arm-gnu-toolchain/bin/../lib/gcc/arm-none-eabi/6.2.1/thumb/v6-m\libgcc.a(_udivsi3.o)
                              NcssCoreDrivers/src/Utils.o (__aeabi_uidiv)
c:/program files (x86)/atmel/studio/7.0/toolchain/arm/arm-gnu-toolchain/bin/../lib/gcc/arm-none-eabi/6.2.1/thumb/v6-m\libgcc.a(_dvmd_tls.o)
                              c:/program files (x86)/atmel/studio/7.0/toolchain/arm/arm-gnu-toolchain/bin/../lib/gcc/arm-none-eabi/6.2.1/thumb/v6-m\libgcc.a(_udivsi3.o) (__aeabi_idiv0)
c:/program files (x86)/atmel/studio/7.0/toolchain/arm/arm-gnu-toolchain/bin/../lib/gcc/arm-none-eabi/6.2.1/thumb/v6-m\libgcc.a(_arm_cmpdf2.o)
                              NcssCoreDrivers/src/debug.o (__aeabi_dcmplt)
c:/program files (x86)/atmel/studio/7.0/toolchain/arm/arm-gnu-toolchain/bin/../lib/gcc/arm-none-eabi/6.2.1/thumb/v6-m\libgcc.a(_aeabi_uldivmod.o)
                              NcssCoreDrivers/src/Uart.o (__aeabi_uldivmod)
c:/program files (x86)/atmel/studio/7.0/toolchain/arm/arm-gnu-toolchain/bin/../lib/gcc/arm-none-eabi/6.2.1/thumb/v6-m\libgcc.a(_muldi3.o)
                              NcssCoreDrivers/src/Uart.o (__aeabi_lmul)
c:/program files (x86)/atmel/studio/7.0/toolchain/arm/arm-gnu-toolchain/bin/../lib/gcc/arm-none-eabi/6.2.1/thumb/v6-m\libgcc.a(_fixunsdfsi.o)
                              NcssCoreDrivers/src/debug.o (__aeabi_d2uiz)
c:/program files (x86)/atmel/studio/7.0/toolchain/arm/arm-gnu-toolchain/bin/../lib/gcc/arm-none-eabi/6.2.1/thumb/v6-m\libgcc.a(_udivmoddi4.o)
                              c:/program files (x86)/atmel/studio/7.0/toolchain/arm/arm-gnu-toolchain/bin/../lib/gcc/arm-none-eabi/6.2.1/thumb/v6-m\libgcc.a(_aeabi_uldivmod.o) (__udivmoddi4)
c:/program files (x86)/atmel/studio/7.0/toolchain/arm/arm-gnu-toolchain/bin/../lib/gcc/arm-none-eabi/6.2.1/thumb/v6-m\libgcc.a(adddf3.o)
                              FlowSensors/Flow.o (__aeabi_dadd)
c:/program files (x86)/atmel/studio/7.0/toolchain/arm/arm-gnu-toolchain/bin/../lib/gcc/arm-none-eabi/6.2.1/thumb/v6-m\libgcc.a(divdf3.o)
                              FlowSensors/Flow.o (__aeabi_ddiv)
c:/program files (x86)/atmel/studio/7.0/toolchain/arm/arm-gnu-toolchain/bin/../lib/gcc/arm-none-eabi/6.2.1/thumb/v6-m\libgcc.a(eqdf2.o)
                              c:/program files (x86)/atmel/studio/7.0/toolchain/arm/arm-gnu-toolchain/bin/../lib/gcc/arm-none-eabi/6.2.1/thumb/v6-m\libgcc.a(_arm_cmpdf2.o) (__eqdf2)
c:/program files (x86)/atmel/studio/7.0/toolchain/arm/arm-gnu-toolchain/bin/../lib/gcc/arm-none-eabi/6.2.1/thumb/v6-m\libgcc.a(gedf2.o)
                              c:/program files (x86)/atmel/studio/7.0/toolchain/arm/arm-gnu-toolchain/bin/../lib/gcc/arm-none-eabi/6.2.1/thumb/v6-m\libgcc.a(_arm_cmpdf2.o) (__gedf2)
c:/program files (x86)/atmel/studio/7.0/toolchain/arm/arm-gnu-toolchain/bin/../lib/gcc/arm-none-eabi/6.2.1/thumb/v6-m\libgcc.a(ledf2.o)
                              c:/program files (x86)/atmel/studio/7.0/toolchain/arm/arm-gnu-toolchain/bin/../lib/gcc/arm-none-eabi/6.2.1/thumb/v6-m\libgcc.a(_arm_cmpdf2.o) (__ledf2)
c:/program files (x86)/atmel/studio/7.0/toolchain/arm/arm-gnu-toolchain/bin/../lib/gcc/arm-none-eabi/6.2.1/thumb/v6-m\libgcc.a(muldf3.o)
                              NcssCoreDrivers/src/debug.o (__aeabi_dmul)
c:/program files (x86)/atmel/studio/7.0/toolchain/arm/arm-gnu-toolchain/bin/../lib/gcc/arm-none-eabi/6.2.1/thumb/v6-m\libgcc.a(subdf3.o)
                              NcssCoreDrivers/src/debug.o (__aeabi_dsub)
c:/program files (x86)/atmel/studio/7.0/toolchain/arm/arm-gnu-toolchain/bin/../lib/gcc/arm-none-eabi/6.2.1/thumb/v6-m\libgcc.a(fixdfsi.o)
                              c:/program files (x86)/atmel/studio/7.0/toolchain/arm/arm-gnu-toolchain/bin/../lib/gcc/arm-none-eabi/6.2.1/thumb/v6-m\libgcc.a(_fixunsdfsi.o) (__aeabi_d2iz)
c:/program files (x86)/atmel/studio/7.0/toolchain/arm/arm-gnu-toolchain/bin/../lib/gcc/arm-none-eabi/6.2.1/thumb/v6-m\libgcc.a(floatunsidf.o)
                              NcssCoreDrivers/src/debug.o (__aeabi_ui2d)
c:/program files (x86)/atmel/studio/7.0/toolchain/arm/arm-gnu-toolchain/bin/../lib/gcc/arm-none-eabi/6.2.1/thumb/v6-m\libgcc.a(_clzsi2.o)
                              c:/program files (x86)/atmel/studio/7.0/toolchain/arm/arm-gnu-toolchain/bin/../lib/gcc/arm-none-eabi/6.2.1/thumb/v6-m\libgcc.a(adddf3.o) (__clzsi2)
c:/program files (x86)/atmel/studio/7.0/toolchain/arm/arm-gnu-toolchain/bin/../lib/gcc/arm-none-eabi/6.2.1/thumb/v6-m\libgcc.a(_clzdi2.o)
                              c:/program files (x86)/atmel/studio/7.0/toolchain/arm/arm-gnu-toolchain/bin/../lib/gcc/arm-none-eabi/6.2.1/thumb/v6-m\libgcc.a(_udivmoddi4.o) (__clzdi2)
c:/program files (x86)/atmel/studio/7.0/toolchain/arm/arm-gnu-toolchain/bin/../lib/gcc/arm-none-eabi/6.2.1/../../../../arm-none-eabi/lib/thumb/v6-m\libc.a(lib_a-exit.o)
[...]
Memory Configuration

Name             Origin             Length             Attributes
rom              0x00000000         0x00040000         xr
ram              0x20000000         0x00008000         xrw
*default*        0x00000000         0xffffffff

Linker script and memory map

LOAD c:/program files (x86)/atmel/studio/7.0/toolchain/arm/arm-gnu-toolchain/bin/../lib/gcc/arm-none-eabi/6.2.1/thumb/v6-m/crti.o
LOAD c:/program files (x86)/atmel/studio/7.0/toolchain/arm/arm-gnu-toolchain/bin/../lib/gcc/arm-none-eabi/6.2.1/thumb/v6-m/crtbegin.o
LOAD c:/program files (x86)/atmel/studio/7.0/toolchain/arm/arm-gnu-toolchain/bin/../lib/gcc/arm-none-eabi/6.2.1/../../../../arm-none-eabi/lib/thumb/v6-m/crt0.o
LOAD NcssCoreDrivers/src/Mcu.o
LOAD NcssCoreDrivers/src/Computron.o
LOAD NcssCoreDrivers/src/debug.o
LOAD NcssCoreDrivers/src/Input.o
LOAD NcssCoreDrivers/src/Sercom.o
LOAD NcssCoreDrivers/src/SoftFifo.o
LOAD NcssCoreDrivers/src/SoftTimer.o
LOAD NcssCoreDrivers/src/Spi.o
LOAD NcssCoreDrivers/src/Uart.o
LOAD NcssCoreDrivers/src/Utils.o
LOAD NcssCoreDrivers/src/WatchDogTimer.o
LOAD Device_Startup/startup_saml22.o
LOAD Device_Startup/system_saml22.o
LOAD FlowSensors/AFE1000/AFE.o
LOAD FlowSensors/Flow.o
LOAD FlowSensors/TDC7200/TDC.o
LOAD main.o
LOAD Templates/Template.o
START GROUP
LOAD c:/program files (x86)/atmel/studio/7.0/toolchain/arm/arm-gnu-toolchain/bin/../lib/gcc/arm-none-eabi/6.2.1/../../../../arm-none-eabi/lib/thumb/v6-m\libm.a
END GROUP
START GROUP
LOAD c:/program files (x86)/atmel/studio/7.0/toolchain/arm/arm-gnu-toolchain/bin/../lib/gcc/arm-none-eabi/6.2.1/thumb/v6-m\libgcc.a
LOAD c:/program files (x86)/atmel/studio/7.0/toolchain/arm/arm-gnu-toolchain/bin/../lib/gcc/arm-none-eabi/6.2.1/../../../../arm-none-eabi/lib/thumb/v6-m\libc.a
END GROUP
LOAD c:/program files (x86)/atmel/studio/7.0/toolchain/arm/arm-gnu-toolchain/bin/../lib/gcc/arm-none-eabi/6.2.1/thumb/v6-m/crtend.o
LOAD c:/program files (x86)/atmel/studio/7.0/toolchain/arm/arm-gnu-toolchain/bin/../lib/gcc/arm-none-eabi/6.2.1/thumb/v6-m/crtn.o
                0x00002000                STACK_SIZE = DEFINED (STACK_SIZE)?STACK_SIZE:DEFINED (__stack_size__)?__stack_size__:0x2000

.text           0x00000000     0x61cc
                0x00000000                . = ALIGN (0x4)
                0x00000000                _sfixed = .
 *(.vectors .vectors.*)
 .vectors       0x00000000       0xa8 Device_Startup/startup_saml22.o
                0x00000000                exception_table
 *(.text .text.* .gnu.linkonce.t.*)
 .text          0x000000a8       0x60 c:/program files (x86)/atmel/studio/7.0/toolchain/arm/arm-gnu-toolchain/bin/../lib/gcc/arm-none-eabi/6.2.1/thumb/v6-m/crtbegin.o
 .text.MCU_Init
                0x00000108       0x5c NcssCoreDrivers/src/Mcu.o
                0x00000108                MCU_Init
 .text.MCU_Set32MhzClk
                0x00000164       0x70 NcssCoreDrivers/src/Mcu.o
                0x00000164                MCU_Set32MhzClk
 .text.MCU_PinSetup
                0x000001d4      0x1cc NcssCoreDrivers/src/Mcu.o
                0x000001d4                MCU_PinSetup
 .text.MCU_SetPinState
                0x000003a0       0x64 NcssCoreDrivers/src/Mcu.o
                0x000003a0                MCU_SetPinState
 .text.MCU_GetPinState
                0x00000404       0x40 NcssCoreDrivers/src/Mcu.o
                0x00000404                MCU_GetPinState
 .text.MCU_SetPmuxFunction
                0x00000444       0xa0 NcssCoreDrivers/src/Mcu.o
                0x00000444                MCU_SetPmuxFunction
 .text.DEBUG_Init
                0x000004e4       0x24 NcssCoreDrivers/src/debug.o
                0x000004e4                DEBUG_Init
 .text.DEBUG_WriteLine
                0x00000508       0x44 NcssCoreDrivers/src/debug.o
                0x00000508                DEBUG_WriteLine
 .text.DEBUG_WriteHex
                0x0000054c       0x68 NcssCoreDrivers/src/debug.o
                0x0000054c                DEBUG_WriteHex
 .text.DEBUG_WriteDouble
                0x000005b4      0x1fc NcssCoreDrivers/src/debug.o
                0x000005b4                DEBUG_WriteDouble
 .text.debug_init
                0x000007b0       0x78 NcssCoreDrivers/src/debug.o
 .text.debug_writeNewLine
                0x00000828       0x58 NcssCoreDrivers/src/debug.o
 .text.debug_writeEndLine
                0x00000880       0x24 NcssCoreDrivers/src/debug.o
 .text.NVIC_EnableIRQ
                0x000008a4       0x2c NcssCoreDrivers/src/Input.o
 .text.INPUT_Init
                0x000008d0       0xac NcssCoreDrivers/src/Input.o
                0x000008d0                INPUT_Init
 .text.input_callCallback
                0x0000097c       0x24 NcssCoreDrivers/src/Input.o
                0x0000097c                input_callCallback
 .text.input_initMcu
                0x000009a0      0x100 NcssCoreDrivers/src/Input.o
 .text.INPUT_TaskHandler
                0x00000aa0       0xa4 NcssCoreDrivers/src/Input.o
                0x00000aa0                INPUT_TaskHandler
 .text.EIC_Handler
                0x00000b44       0x2c NcssCoreDrivers/src/Input.o
                0x00000b44                EIC_Handler
 .text.NVIC_EnableIRQ
                0x00000b70       0x2c NcssCoreDrivers/src/Sercom.o
 .text.SERCOM_InitUartRxPort
                0x00000b9c       0xcc NcssCoreDrivers/src/Sercom.o
                0x00000b9c                SERCOM_InitUartRxPort
 .text.SERCOM_InitSpiPort
                0x00000c68       0xfc NcssCoreDrivers/src/Sercom.o
                0x00000c68                SERCOM_InitSpiPort
 .text.SEROM_GetUsartPort
                0x00000d64       0x24 NcssCoreDrivers/src/Sercom.o
                0x00000d64                SEROM_GetUsartPort
 .text.SEROM_GetSpiPort
                0x00000d88       0x24 NcssCoreDrivers/src/Sercom.o
                0x00000d88                SEROM_GetSpiPort
 .text.sercom_initMcu
                0x00000dac       0x48 NcssCoreDrivers/src/Sercom.o
 .text.SERCOM0_Handler
                0x00000df4      0x154 NcssCoreDrivers/src/Sercom.o
                0x00000df4                SERCOM0_Handler
 .text.SERCOM1_Handler
                0x00000f48      0x154 NcssCoreDrivers/src/Sercom.o
                0x00000f48                SERCOM1_Handler
 .text.SERCOM2_Handler
                0x0000109c      0x154 NcssCoreDrivers/src/Sercom.o
                0x0000109c                SERCOM2_Handler
 .text.SERCOM3_Handler
                0x000011f0      0x16c NcssCoreDrivers/src/Sercom.o
                0x000011f0                SERCOM3_Handler
 .text.SERCOM4_Handler
                0x0000135c      0x154 NcssCoreDrivers/src/Sercom.o
                0x0000135c                SERCOM4_Handler
 .text.SERCOM5_Handler
                0x000014b0      0x154 NcssCoreDrivers/src/Sercom.o
                0x000014b0                SERCOM5_Handler
 .text.FIFO_GetUsedSize
                0x00001604       0x8c NcssCoreDrivers/src/SoftFifo.o
                0x00001604                FIFO_GetUsedSize
 .text.FIFO_ClearBuffer
                0x00001690       0x98 NcssCoreDrivers/src/SoftFifo.o
                0x00001690                FIFO_ClearBuffer
 .text.fifo_init
                0x00001728       0x22 NcssCoreDrivers/src/SoftFifo.o
 *fill*         0x0000174a        0x2 
 .text.NVIC_EnableIRQ
                0x0000174c       0x2c NcssCoreDrivers/src/SoftTimer.o
 .text.TIMER_Start
                0x00001778       0x74 NcssCoreDrivers/src/SoftTimer.o
                0x00001778                TIMER_Start
 .text.timer_addTimer
                0x000017ec       0x58 NcssCoreDrivers/src/SoftTimer.o
 .text.timer_exists
                0x00001844       0x48 NcssCoreDrivers/src/SoftTimer.o
 .text.timer_initMcu
                0x0000188c       0x74 NcssCoreDrivers/src/SoftTimer.o
 .text.timer_hardwareTimerEnable
                0x00001900       0x5c NcssCoreDrivers/src/SoftTimer.o
 .text.TIMER_TaskHandler
                0x0000195c       0xe8 NcssCoreDrivers/src/SoftTimer.o
                0x0000195c                TIMER_TaskHandler
 .text.TC0_Handler
                0x00001a44       0x30 NcssCoreDrivers/src/SoftTimer.o
                0x00001a44                TC0_Handler
 .text.SPI_Init
                0x00001a74       0x50 NcssCoreDrivers/src/Spi.o
                0x00001a74                SPI_Init
 .text.SPI_TxSendChar
                0x00001ac4       0x5c NcssCoreDrivers/src/Spi.o
                0x00001ac4                SPI_TxSendChar
 .text.SPI_TxMasterTransfer
                0x00001b20       0x60 NcssCoreDrivers/src/Spi.o
                0x00001b20                SPI_TxMasterTransfer
 .text.spi_initMcu
                0x00001b80      0x2ac NcssCoreDrivers/src/Spi.o
 .text.UART_Init
                0x00001e2c       0x48 NcssCoreDrivers/src/Uart.o
                0x00001e2c                UART_Init
 .text.UART_TxSendString
                0x00001e74       0x34 NcssCoreDrivers/src/Uart.o
                0x00001e74                UART_TxSendString
 .text.UART_TxSendNumber
                0x00001ea8       0x34 NcssCoreDrivers/src/Uart.o
                0x00001ea8                UART_TxSendNumber
 .text.UART_TxSendHex
                0x00001edc       0x34 NcssCoreDrivers/src/Uart.o
                0x00001edc                UART_TxSendHex
 .text.UART_TxSendChar
                0x00001f10       0x60 NcssCoreDrivers/src/Uart.o
                0x00001f10                UART_TxSendChar
 .text.uart_txInitMcu
                0x00001f70      0x138 NcssCoreDrivers/src/Uart.o
 .text.uart_rxInitMcu
                0x000020a8       0x88 NcssCoreDrivers/src/Uart.o
 .text.uart_txSendCharMcu
                0x00002130       0x60 NcssCoreDrivers/src/Uart.o
 .text.UTILS_IntToString
                0x00002190       0xa8 NcssCoreDrivers/src/Utils.o
                0x00002190                UTILS_IntToString
 .text.UTILS_HexToString
                0x00002238       0xbc NcssCoreDrivers/src/Utils.o
                0x00002238                UTILS_HexToString
 .text.WDT_Handler
                0x000022f4       0x30 NcssCoreDrivers/src/WatchDogTimer.o
                0x000022f4                WDT_Handler
 .text.Reset_Handler
                0x00002324       0x84 Device_Startup/startup_saml22.o
                0x00002324                Reset_Handler
 .text.Dummy_Handler
                0x000023a8        0x6 Device_Startup/startup_saml22.o
                0x000023a8                DMAC_Handler
                0x000023a8                TRNG_Handler
                0x000023a8                HardFault_Handler
                0x000023a8                TC2_Handler
                0x000023a8                AC_Handler
                0x000023a8                SysTick_Handler
                0x000023a8                PendSV_Handler
                0x000023a8                NMI_Handler
                0x000023a8                ADC_Handler
                0x000023a8                TCC0_Handler
                0x000023a8                RTC_Handler
                0x000023a8                TC1_Handler
                0x000023a8                USB_Handler
                0x000023a8                TC3_Handler
                0x000023a8                Dummy_Handler
                0x000023a8                SVC_Handler
                0x000023a8                EVSYS_Handler
                0x000023a8                NVMCTRL_Handler
                0x000023a8                SYSTEM_Handler
                0x000023a8                PTC_Handler
                0x000023a8                FREQM_Handler
                0x000023a8                SLCD_Handler
                0x000023a8                AES_Handler
 *fill*         0x000023ae        0x2 
 .text.SystemInit
                0x000023b0       0x18 Device_Startup/system_saml22.o
                0x000023b0                SystemInit
 .text.AFE_Init
                0x000023c8       0xc8 FlowSensors/AFE1000/AFE.o
                0x000023c8                AFE_Init
 .text.AFE_PrintValues
                0x00002490      0x100 FlowSensors/AFE1000/AFE.o
                0x00002490                AFE_PrintValues
 .text.afe_loadAllValues
                0x00002590       0x54 FlowSensors/AFE1000/AFE.o
 .text.afe_writeAllValues
                0x000025e4       0x54 FlowSensors/AFE1000/AFE.o
 .text.afe_getRegister
                0x00002638       0x84 FlowSensors/AFE1000/AFE.o
 .text.afe_setRegister
                0x000026bc       0x90 FlowSensors/AFE1000/AFE.o
 .text.afe_setSlaveSelect
                0x0000274c       0x28 FlowSensors/AFE1000/AFE.o
 .text.afe_taskHandler
                0x00002774       0x6c FlowSensors/AFE1000/AFE.o
 .text.FLOW_Init
                0x000027e0       0x5c FlowSensors/Flow.o
                0x000027e0                FLOW_Init
 .text.FLOW_TransactionCompleteCallback
                0x0000283c      0x200 FlowSensors/Flow.o
                0x0000283c                FLOW_TransactionCompleteCallback
 .text.flow_setDirection
                0x00002a3c       0x34 FlowSensors/Flow.o
 .text.flow_copyTdcValues
                0x00002a70      0x5e8 FlowSensors/Flow.o
 .text.flow_calculateToFs
                0x00003058      0x198 FlowSensors/Flow.o
 .text.flow_calcualteToFSingle
                0x000031f0       0x74 FlowSensors/Flow.o
 .text.flow_timerCallback
                0x00003264       0x24 FlowSensors/Flow.o
 .text.TDC_Init
                0x00003288       0xdc FlowSensors/TDC7200/TDC.o
                0x00003288                TDC_Init
 .text.TDC_StartUltrasonicTransaction
                0x00003364       0x28 FlowSensors/TDC7200/TDC.o
                0x00003364                TDC_StartUltrasonicTransaction
 .text.TDC_GetTimerRegs
                0x0000338c       0x10 FlowSensors/TDC7200/TDC.o
                0x0000338c                TDC_GetTimerRegs
 .text.TDC_PrintValues
                0x0000339c      0x294 FlowSensors/TDC7200/TDC.o
                0x0000339c                TDC_PrintValues
 .text.tdc_loadAllValues
                0x00003630      0x508 FlowSensors/TDC7200/TDC.o
 .text.tdc_writeAllValues
                0x00003b38       0x4c FlowSensors/TDC7200/TDC.o
 .text.tdc_getRegister
                0x00003b84       0xd8 FlowSensors/TDC7200/TDC.o
 .text.tdc_setRegister
                0x00003c5c       0x90 FlowSensors/TDC7200/TDC.o
 .text.tdc_clearInterrupts
                0x00003cec       0x20 FlowSensors/TDC7200/TDC.o
 .text.tdc_setSlaveSelect
                0x00003d0c       0x28 FlowSensors/TDC7200/TDC.o
 .text.tdc_interruptHandler
                0x00003d34       0x50 FlowSensors/TDC7200/TDC.o
 .text.tdc_taskHandler
                0x00003d84       0x6c FlowSensors/TDC7200/TDC.o
 .text.main     0x00003df0       0x40 main.o
                0x00003df0                main
 .text          0x00003e30      0x114 c:/program files (x86)/atmel/studio/7.0/toolchain/arm/arm-gnu-toolchain/bin/../lib/gcc/arm-none-eabi/6.2.1/thumb/v6-m\libgcc.a(_udivsi3.o)
                0x00003e30                __aeabi_uidiv
                0x00003e30                __udivsi3
                0x00003f3c                __aeabi_uidivmod
 .text          0x00003f44        0x4 c:/program files (x86)/atmel/studio/7.0/toolchain/arm/arm-gnu-toolchain/bin/../lib/gcc/arm-none-eabi/6.2.1/thumb/v6-m\libgcc.a(_dvmd_tls.o)
                0x00003f44                __aeabi_idiv0
                0x00003f44                __aeabi_ldiv0
 .text          0x00003f48       0x7c c:/program files (x86)/atmel/studio/7.0/toolchain/arm/arm-gnu-toolchain/bin/../lib/gcc/arm-none-eabi/6.2.1/thumb/v6-m\libgcc.a(_arm_cmpdf2.o)
                0x00003f48                __aeabi_cdrcmple
                0x00003f58                __aeabi_cdcmple
                0x00003f58                __aeabi_cdcmpeq
                0x00003f68                __aeabi_dcmpeq
                0x00003f74                __aeabi_dcmplt
                0x00003f88                __aeabi_dcmple
                0x00003f9c                __aeabi_dcmpgt
                0x00003fb0                __aeabi_dcmpge
 .text          0x00003fc4       0x40 c:/program files (x86)/atmel/studio/7.0/toolchain/arm/arm-gnu-toolchain/bin/../lib/gcc/arm-none-eabi/6.2.1/thumb/v6-m\libgcc.a(_aeabi_uldivmod.o)
                0x00003fc4                __aeabi_uldivmod
 .text          0x00004004       0x54 c:/program files (x86)/atmel/studio/7.0/toolchain/arm/arm-gnu-toolchain/bin/../lib/gcc/arm-none-eabi/6.2.1/thumb/v6-m\libgcc.a(_muldi3.o)
                0x00004004                __muldi3
                0x00004004                __aeabi_lmul
 .text          0x00004058       0x3c c:/program files (x86)/atmel/studio/7.0/toolchain/arm/arm-gnu-toolchain/bin/../lib/gcc/arm-none-eabi/6.2.1/thumb/v6-m\libgcc.a(_fixunsdfsi.o)
                0x00004058                __aeabi_d2uiz
                0x00004058                __fixunsdfsi
 .text          0x00004094      0x180 c:/program files (x86)/atmel/studio/7.0/toolchain/arm/arm-gnu-toolchain/bin/../lib/gcc/arm-none-eabi/6.2.1/thumb/v6-m\libgcc.a(_udivmoddi4.o)
                0x00004094                __udivmoddi4
 .text          0x00004214      0x620 c:/program files (x86)/atmel/studio/7.0/toolchain/arm/arm-gnu-toolchain/bin/../lib/gcc/arm-none-eabi/6.2.1/thumb/v6-m\libgcc.a(adddf3.o)
                0x00004214                __aeabi_dadd
 .text          0x00004834      0x668 c:/program files (x86)/atmel/studio/7.0/toolchain/arm/arm-gnu-toolchain/bin/../lib/gcc/arm-none-eabi/6.2.1/thumb/v6-m\libgcc.a(divdf3.o)
                0x00004834                __aeabi_ddiv
 .text          0x00004e9c       0x74 c:/program files (x86)/atmel/studio/7.0/toolchain/arm/arm-gnu-toolchain/bin/../lib/gcc/arm-none-eabi/6.2.1/thumb/v6-m\libgcc.a(eqdf2.o)
                0x00004e9c                __nedf2
                0x00004e9c                __eqdf2
 .text          0x00004f10       0xc8 c:/program files (x86)/atmel/studio/7.0/toolchain/arm/arm-gnu-toolchain/bin/../lib/gcc/arm-none-eabi/6.2.1/thumb/v6-m\libgcc.a(gedf2.o)
                0x00004f10                __gedf2
                0x00004f10                __gtdf2
 .text          0x00004fd8       0xc4 c:/program files (x86)/atmel/studio/7.0/toolchain/arm/arm-gnu-toolchain/bin/../lib/gcc/arm-none-eabi/6.2.1/thumb/v6-m\libgcc.a(ledf2.o)
                0x00004fd8                __ledf2
                0x00004fd8                __ltdf2
 .text          0x0000509c      0x500 c:/program files (x86)/atmel/studio/7.0/toolchain/arm/arm-gnu-toolchain/bin/../lib/gcc/arm-none-eabi/6.2.1/thumb/v6-m\libgcc.a(muldf3.o)
                0x0000509c                __aeabi_dmul
 .text          0x0000559c      0x62c c:/program files (x86)/atmel/studio/7.0/toolchain/arm/arm-gnu-toolchain/bin/../lib/gcc/arm-none-eabi/6.2.1/thumb/v6-m\libgcc.a(subdf3.o)
                0x0000559c                __aeabi_dsub
 .text          0x00005bc8       0x68 c:/program files (x86)/atmel/studio/7.0/toolchain/arm/arm-gnu-toolchain/bin/../lib/gcc/arm-none-eabi/6.2.1/thumb/v6-m\libgcc.a(fixdfsi.o)
                0x00005bc8                __aeabi_d2iz
 .text          0x00005c30       0x70 c:/program files (x86)/atmel/studio/7.0/toolchain/arm/arm-gnu-toolchain/bin/../lib/gcc/arm-none-eabi/6.2.1/thumb/v6-m\libgcc.a(floatunsidf.o)
                0x00005c30                __aeabi_ui2d
 .text          0x00005ca0       0x3c c:/program files (x86)/atmel/studio/7.0/toolchain/arm/arm-gnu-toolchain/bin/../lib/gcc/arm-none-eabi/6.2.1/thumb/v6-m\libgcc.a(_clzsi2.o)
                0x00005ca0                __clzsi2
 .text          0x00005cdc       0x18 c:/program files (x86)/atmel/studio/7.0/toolchain/arm/arm-gnu-toolchain/bin/../lib/gcc/arm-none-eabi/6.2.1/thumb/v6-m\libgcc.a(_clzdi2.o)
                0x00005cdc                __clzdi2
 .text.__libc_init_array
                0x00005cf4       0x48 c:/program files (x86)/atmel/studio/7.0/toolchain/arm/arm-gnu-toolchain/bin/../lib/gcc/arm-none-eabi/6.2.1/../../../../arm-none-eabi/lib/thumb/v6-m\libc.a(lib_a-init.o)
                0x00005cf4                __libc_init_array
 .text.startup.register_fini
                0x00005d3c       0x18 c:/program files (x86)/atmel/studio/7.0/toolchain/arm/arm-gnu-toolchain/bin/../lib/gcc/arm-none-eabi/6.2.1/../../../../arm-none-eabi/lib/thumb/v6-m\libc.a(lib_a-__call_atexit.o)
 .text.atexit   0x00005d54       0x10 c:/program files (x86)/atmel/studio/7.0/toolchain/arm/arm-gnu-toolchain/bin/../lib/gcc/arm-none-eabi/6.2.1/../../../../arm-none-eabi/lib/thumb/v6-m\libc.a(lib_a-atexit.o)
                0x00005d54                atexit
 .text.__libc_fini_array
                0x00005d64       0x34 c:/program files (x86)/atmel/studio/7.0/toolchain/arm/arm-gnu-toolchain/bin/../lib/gcc/arm-none-eabi/6.2.1/../../../../arm-none-eabi/lib/thumb/v6-m\libc.a(lib_a-fini.o)
                0x00005d64                __libc_fini_array
 .text.__register_exitproc
                0x00005d98       0xd4 c:/program files (x86)/atmel/studio/7.0/toolchain/arm/arm-gnu-toolchain/bin/../lib/gcc/arm-none-eabi/6.2.1/../../../../arm-none-eabi/lib/thumb/v6-m\libc.a(lib_a-__atexit.o)
                0x00005d98                __register_exitproc
 *(.glue_7t)
 .glue_7t       0x00005e6c        0x0 linker stubs
 *(.glue_7)
 .glue_7        0x00005e6c        0x0 linker stubs
 *(.rodata .rodata* .gnu.linkonce.r.*)
 .rodata        0x00005e6c       0x83 NcssCoreDrivers/src/debug.o
 *fill*         0x00005eef        0x1 
 .rodata        0x00005ef0       0xad FlowSensors/AFE1000/AFE.o
 *fill*         0x00005f9d        0x3 
 .rodata        0x00005fa0       0x17 FlowSensors/Flow.o
 *fill*         0x00005fb7        0x1 
 .rodata        0x00005fb8      0x169 FlowSensors/TDC7200/TDC.o
 *fill*         0x00006121        0x3 
 .rodata        0x00006124       0x40 c:/program files (x86)/atmel/studio/7.0/toolchain/arm/arm-gnu-toolchain/bin/../lib/gcc/arm-none-eabi/6.2.1/thumb/v6-m\libgcc.a(divdf3.o)
 .rodata        0x00006164       0x40 c:/program files (x86)/atmel/studio/7.0/toolchain/arm/arm-gnu-toolchain/bin/../lib/gcc/arm-none-eabi/6.2.1/thumb/v6-m\libgcc.a(muldf3.o)
 .rodata._global_impure_ptr
                0x000061a4        0x4 c:/program files (x86)/atmel/studio/7.0/toolchain/arm/arm-gnu-toolchain/bin/../lib/gcc/arm-none-eabi/6.2.1/../../../../arm-none-eabi/lib/thumb/v6-m\libc.a(lib_a-impure.o)
                0x000061a4                _global_impure_ptr
 *(.ARM.extab* .gnu.linkonce.armextab.*)
                0x000061a8                . = ALIGN (0x4)
 *(.init)
 .init          0x000061a8        0x4 c:/program files (x86)/atmel/studio/7.0/toolchain/arm/arm-gnu-toolchain/bin/../lib/gcc/arm-none-eabi/6.2.1/thumb/v6-m/crti.o
                0x000061a8                _init
 .init          0x000061ac        0x8 c:/program files (x86)/atmel/studio/7.0/toolchain/arm/arm-gnu-toolchain/bin/../lib/gcc/arm-none-eabi/6.2.1/thumb/v6-m/crtn.o
                0x000061b4                . = ALIGN (0x4)
                0x000061b4                __preinit_array_start = .
 *(.preinit_array)
                0x000061b4                __preinit_array_end = .
                0x000061b4                . = ALIGN (0x4)
                0x000061b4                __init_array_start = .
 *(SORT(.init_array.*))
 .init_array.00000
                0x000061b4        0x4 c:/program files (x86)/atmel/studio/7.0/toolchain/arm/arm-gnu-toolchain/bin/../lib/gcc/arm-none-eabi/6.2.1/../../../../arm-none-eabi/lib/thumb/v6-m\libc.a(lib_a-__call_atexit.o)
 *(.init_array)
 .init_array    0x000061b8        0x4 c:/program files (x86)/atmel/studio/7.0/toolchain/arm/arm-gnu-toolchain/bin/../lib/gcc/arm-none-eabi/6.2.1/thumb/v6-m/crtbegin.o
                0x000061bc                __init_array_end = .
                0x000061bc                . = ALIGN (0x4)
 *crtbegin.o(.ctors)
 *(EXCLUDE_FILE(*crtend.o) .ctors)
 *(SORT(.ctors.*))
 *crtend.o(.ctors)
                0x000061bc                . = ALIGN (0x4)
 *(.fini)
 .fini          0x000061bc        0x4 c:/program files (x86)/atmel/studio/7.0/toolchain/arm/arm-gnu-toolchain/bin/../lib/gcc/arm-none-eabi/6.2.1/thumb/v6-m/crti.o
                0x000061bc                _fini
 .fini          0x000061c0        0x8 c:/program files (x86)/atmel/studio/7.0/toolchain/arm/arm-gnu-toolchain/bin/../lib/gcc/arm-none-eabi/6.2.1/thumb/v6-m/crtn.o
                0x000061c8                . = ALIGN (0x4)
                0x000061c8                __fini_array_start = .
 *(.fini_array)
 .fini_array    0x000061c8        0x4 c:/program files (x86)/atmel/studio/7.0/toolchain/arm/arm-gnu-toolchain/bin/../lib/gcc/arm-none-eabi/6.2.1/thumb/v6-m/crtbegin.o
 *(SORT(.fini_array.*))
                0x000061cc                __fini_array_end = .
 *crtbegin.o(.dtors)
 *(EXCLUDE_FILE(*crtend.o) .dtors)
 *(SORT(.dtors.*))
 *crtend.o(.dtors)
                0x000061cc                . = ALIGN (0x4)
                0x000061cc                _efixed = .
                [!provide]                PROVIDE (__exidx_start, .)

.vfp11_veneer   0x000061cc        0x0
 .vfp11_veneer  0x000061cc        0x0 linker stubs

.v4_bx          0x000061cc        0x0
 .v4_bx         0x000061cc        0x0 linker stubs

.iplt           0x000061cc        0x0
 .iplt          0x000061cc        0x0 c:/program files (x86)/atmel/studio/7.0/toolchain/arm/arm-gnu-toolchain/bin/../lib/gcc/arm-none-eabi/6.2.1/thumb/v6-m/crtbegin.o

.ARM.exidx      0x000061cc        0x8
 *(.ARM.exidx* .gnu.linkonce.armexidx.*)
 .ARM.exidx     0x000061cc        0x8 c:/program files (x86)/atmel/studio/7.0/toolchain/arm/arm-gnu-toolchain/bin/../lib/gcc/arm-none-eabi/6.2.1/thumb/v6-m\libgcc.a(_udivmoddi4.o)
                [!provide]                PROVIDE (__exidx_end, .)

.eh_frame       0x000061d4        0x0
 .eh_frame      0x000061d4        0x0 c:/program files (x86)/atmel/studio/7.0/toolchain/arm/arm-gnu-toolchain/bin/../lib/gcc/arm-none-eabi/6.2.1/thumb/v6-m/crtbegin.o

.rel.dyn        0x000061d4        0x0
 .rel.iplt      0x000061d4        0x0 c:/program files (x86)/atmel/studio/7.0/toolchain/arm/arm-gnu-toolchain/bin/../lib/gcc/arm-none-eabi/6.2.1/thumb/v6-m/crtbegin.o

.jcr            0x000061d4        0x0
 .jcr           0x000061d4        0x0 c:/program files (x86)/atmel/studio/7.0/toolchain/arm/arm-gnu-toolchain/bin/../lib/gcc/arm-none-eabi/6.2.1/thumb/v6-m/crtbegin.o

.igot.plt       0x000061d4        0x0
 .igot.plt      0x000061d4        0x0 c:/program files (x86)/atmel/studio/7.0/toolchain/arm/arm-gnu-toolchain/bin/../lib/gcc/arm-none-eabi/6.2.1/thumb/v6-m/crtbegin.o
                0x000061d4                . = ALIGN (0x4)
                0x000061d4                _etext = .

.relocate       0x20000000      0x6a0 load address 0x000061d4
                0x20000000                . = ALIGN (0x4)
                0x20000000                _srelocate = .
 *(.ramfunc .ramfunc.*)
 *(.data .data.*)
 .data          0x20000000       0x48 NcssCoreDrivers/src/Sercom.o
 .data          0x20000048        0x4 Device_Startup/system_saml22.o
                0x20000048                SystemCoreClock
 .data          0x2000004c      0x208 FlowSensors/Flow.o
 .data          0x20000254        0xc FlowSensors/TDC7200/TDC.o
 .data          0x20000260       0x14 main.o
 *fill*         0x20000274        0x4 
 .data.impure_data
                0x20000278      0x428 c:/program files (x86)/atmel/studio/7.0/toolchain/arm/arm-gnu-toolchain/bin/../lib/gcc/arm-none-eabi/6.2.1/../../../../arm-none-eabi/lib/thumb/v6-m\libc.a(lib_a-impure.o)
                0x200006a0                . = ALIGN (0x4)
                0x200006a0                _erelocate = .

.bss            0x200006a0      0x250 load address 0x00006878
                0x200006a0                . = ALIGN (0x4)
                0x200006a0                _sbss = .
                0x200006a0                _szero = .
 *(.bss .bss.*)
 .bss           0x200006a0       0x1c c:/program files (x86)/atmel/studio/7.0/toolchain/arm/arm-gnu-toolchain/bin/../lib/gcc/arm-none-eabi/6.2.1/thumb/v6-m/crtbegin.o
 .bss           0x200006bc        0xc NcssCoreDrivers/src/debug.o
 .bss           0x200006c8        0x5 NcssCoreDrivers/src/Input.o
 *fill*         0x200006cd        0x3 
 .bss           0x200006d0       0xac NcssCoreDrivers/src/Sercom.o
 .bss           0x2000077c        0x9 NcssCoreDrivers/src/SoftTimer.o
 *fill*         0x20000785        0x3 
 .bss           0x20000788        0x4 NcssCoreDrivers/src/Uart.o
 .bss           0x2000078c        0xb NcssCoreDrivers/src/Utils.o
 *fill*         0x20000797        0x1 
 .bss           0x20000798        0x4 NcssCoreDrivers/src/WatchDogTimer.o
 .bss           0x2000079c       0x13 FlowSensors/AFE1000/AFE.o
 *fill*         0x200007af        0x1 
 .bss           0x200007b0       0xf8 FlowSensors/Flow.o
 .bss           0x200008a8       0x47 FlowSensors/TDC7200/TDC.o
 *(COMMON)
                0x200008f0                . = ALIGN (0x4)
 *fill*         0x200008ef        0x1 
                0x200008f0                _ebss = .
                0x200008f0                _ezero = .

.stack          0x200008f0     0x2000 load address 0x00006ac8
                0x200008f0                . = ALIGN (0x8)
                0x200008f0                _sstack = .
                0x200028f0                . = (. + STACK_SIZE)
 *fill*         0x200008f0     0x2000 
                0x200028f0                . = ALIGN (0x8)
                0x200028f0                _estack = .
                0x200028f0                . = ALIGN (0x4)
                0x200028f0                _end = .
OUTPUT(SonicMeter.elf elf32-littlearm)

.ARM.attributes
                0x00000000       0x28
 .ARM.attributes
                0x00000000       0x1e c:/program files (x86)/atmel/studio/7.0/toolchain/arm/arm-gnu-toolchain/bin/../lib/gcc/arm-none-eabi/6.2.1/thumb/v6-m/crti.o
 .ARM.attributes
                0x0000001e       0x2c c:/program files (x86)/atmel/studio/7.0/toolchain/arm/arm-gnu-toolchain/bin/../lib/gcc/arm-none-eabi/6.2.1/thumb/v6-m/crtbegin.o
 .ARM.attributes
                0x0000004a       0x32 NcssCoreDrivers/src/Mcu.o
 .ARM.attributes
                0x0000007c       0x32 NcssCoreDrivers/src/debug.o
 .ARM.attributes
                0x000000ae       0x32 NcssCoreDrivers/src/Input.o
 .ARM.attributes
                0x000000e0       0x32 NcssCoreDrivers/src/Sercom.o
 .ARM.attributes
                0x00000112       0x32 NcssCoreDrivers/src/SoftFifo.o
 .ARM.attributes
                0x00000144       0x32 NcssCoreDrivers/src/SoftTimer.o
 .ARM.attributes
                0x00000176       0x32 NcssCoreDrivers/src/Spi.o
 .ARM.attributes
                0x000001a8       0x32 NcssCoreDrivers/src/Uart.o
 .ARM.attributes
                0x000001da       0x32 NcssCoreDrivers/src/Utils.o
 .ARM.attributes
                0x0000020c       0x32 NcssCoreDrivers/src/WatchDogTimer.o
 .ARM.attributes
                0x0000023e       0x32 Device_Startup/startup_saml22.o
 .ARM.attributes
                0x00000270       0x32 Device_Startup/system_saml22.o
 .ARM.attributes
                0x000002a2       0x32 FlowSensors/AFE1000/AFE.o
 .ARM.attributes
                0x000002d4       0x32 FlowSensors/Flow.o
 .ARM.attributes
                0x00000306       0x32 FlowSensors/TDC7200/TDC.o
 .ARM.attributes
                0x00000338       0x32 main.o
 .ARM.attributes
                0x0000036a       0x1e c:/program files (x86)/atmel/studio/7.0/toolchain/arm/arm-gnu-toolchain/bin/../lib/gcc/arm-none-eabi/6.2.1/thumb/v6-m\libgcc.a(_udivsi3.o)
 .ARM.attributes
                0x00000388       0x1e c:/program files (x86)/atmel/studio/7.0/toolchain/arm/arm-gnu-toolchain/bin/../lib/gcc/arm-none-eabi/6.2.1/thumb/v6-m\libgcc.a(_dvmd_tls.o)
 .ARM.attributes
                0x000003a6       0x1e c:/program files (x86)/atmel/studio/7.0/toolchain/arm/arm-gnu-toolchain/bin/../lib/gcc/arm-none-eabi/6.2.1/thumb/v6-m\libgcc.a(_arm_cmpdf2.o)
 .ARM.attributes
                0x000003c4       0x1e c:/program files (x86)/atmel/studio/7.0/toolchain/arm/arm-gnu-toolchain/bin/../lib/gcc/arm-none-eabi/6.2.1/thumb/v6-m\libgcc.a(_aeabi_uldivmod.o)
 .ARM.attributes
                0x000003e2       0x2c c:/program files (x86)/atmel/studio/7.0/toolchain/arm/arm-gnu-toolchain/bin/../lib/gcc/arm-none-eabi/6.2.1/thumb/v6-m\libgcc.a(_muldi3.o)
 .ARM.attributes
                0x0000040e       0x2c c:/program files (x86)/atmel/studio/7.0/toolchain/arm/arm-gnu-toolchain/bin/../lib/gcc/arm-none-eabi/6.2.1/thumb/v6-m\libgcc.a(_fixunsdfsi.o)
 .ARM.attributes
                0x0000043a       0x2c c:/program files (x86)/atmel/studio/7.0/toolchain/arm/arm-gnu-toolchain/bin/../lib/gcc/arm-none-eabi/6.2.1/thumb/v6-m\libgcc.a(_udivmoddi4.o)
 .ARM.attributes
                0x00000466       0x2c c:/program files (x86)/atmel/studio/7.0/toolchain/arm/arm-gnu-toolchain/bin/../lib/gcc/arm-none-eabi/6.2.1/thumb/v6-m\libgcc.a(adddf3.o)
 .ARM.attributes
                0x00000492       0x2c c:/program files (x86)/atmel/studio/7.0/toolchain/arm/arm-gnu-toolchain/bin/../lib/gcc/arm-none-eabi/6.2.1/thumb/v6-m\libgcc.a(divdf3.o)
 .ARM.attributes
                0x000004be       0x2c c:/program files (x86)/atmel/studio/7.0/toolchain/arm/arm-gnu-toolchain/bin/../lib/gcc/arm-none-eabi/6.2.1/thumb/v6-m\libgcc.a(eqdf2.o)
 .ARM.attributes
                0x000004ea       0x2c c:/program files (x86)/atmel/studio/7.0/toolchain/arm/arm-gnu-toolchain/bin/../lib/gcc/arm-none-eabi/6.2.1/thumb/v6-m\libgcc.a(gedf2.o)
 .ARM.attributes
                0x00000516       0x2c c:/program files (x86)/atmel/studio/7.0/toolchain/arm/arm-gnu-toolchain/bin/../lib/gcc/arm-none-eabi/6.2.1/thumb/v6-m\libgcc.a(ledf2.o)
 .ARM.attributes
                0x00000542       0x2c c:/program files (x86)/atmel/studio/7.0/toolchain/arm/arm-gnu-toolchain/bin/../lib/gcc/arm-none-eabi/6.2.1/thumb/v6-m\libgcc.a(muldf3.o)
 .ARM.attributes
                0x0000056e       0x2c c:/program files (x86)/atmel/studio/7.0/toolchain/arm/arm-gnu-toolchain/bin/../lib/gcc/arm-none-eabi/6.2.1/thumb/v6-m\libgcc.a(subdf3.o)
 .ARM.attributes
                0x0000059a       0x2c c:/program files (x86)/atmel/studio/7.0/toolchain/arm/arm-gnu-toolchain/bin/../lib/gcc/arm-none-eabi/6.2.1/thumb/v6-m\libgcc.a(fixdfsi.o)
 .ARM.attributes
                0x000005c6       0x2c c:/program files (x86)/atmel/studio/7.0/toolchain/arm/arm-gnu-toolchain/bin/../lib/gcc/arm-none-eabi/6.2.1/thumb/v6-m\libgcc.a(floatunsidf.o)
 .ARM.attributes
                0x000005f2       0x1e c:/program files (x86)/atmel/studio/7.0/toolchain/arm/arm-gnu-toolchain/bin/../lib/gcc/arm-none-eabi/6.2.1/thumb/v6-m\libgcc.a(_clzsi2.o)
 .ARM.attributes
                0x00000610       0x1e c:/program files (x86)/atmel/studio/7.0/toolchain/arm/arm-gnu-toolchain/bin/../lib/gcc/arm-none-eabi/6.2.1/thumb/v6-m\libgcc.a(_clzdi2.o)
 .ARM.attributes
                0x0000062e       0x2c c:/program files (x86)/atmel/studio/7.0/toolchain/arm/arm-gnu-toolchain/bin/../lib/gcc/arm-none-eabi/6.2.1/../../../../arm-none-eabi/lib/thumb/v6-m\libc.a(lib_a-impure.o)
 .ARM.attributes
                0x0000065a       0x2c c:/program files (x86)/atmel/studio/7.0/toolchain/arm/arm-gnu-toolchain/bin/../lib/gcc/arm-none-eabi/6.2.1/../../../../arm-none-eabi/lib/thumb/v6-m\libc.a(lib_a-init.o)
 .ARM.attributes
                0x00000686       0x2c c:/program files (x86)/atmel/studio/7.0/toolchain/arm/arm-gnu-toolchain/bin/../lib/gcc/arm-none-eabi/6.2.1/../../../../arm-none-eabi/lib/thumb/v6-m\libc.a(lib_a-__call_atexit.o)
 .ARM.attributes
                0x000006b2       0x2c c:/program files (x86)/atmel/studio/7.0/toolchain/arm/arm-gnu-toolchain/bin/../lib/gcc/arm-none-eabi/6.2.1/../../../../arm-none-eabi/lib/thumb/v6-m\libc.a(lib_a-atexit.o)
 .ARM.attributes
                0x000006de       0x2c c:/program files (x86)/atmel/studio/7.0/toolchain/arm/arm-gnu-toolchain/bin/../lib/gcc/arm-none-eabi/6.2.1/../../../../arm-none-eabi/lib/thumb/v6-m\libc.a(lib_a-fini.o)
 .ARM.attributes
                0x0000070a       0x2c c:/program files (x86)/atmel/studio/7.0/toolchain/arm/arm-gnu-toolchain/bin/../lib/gcc/arm-none-eabi/6.2.1/../../../../arm-none-eabi/lib/thumb/v6-m\libc.a(lib_a-__atexit.o)
 .ARM.attributes
                0x00000736       0x1e c:/program files (x86)/atmel/studio/7.0/toolchain/arm/arm-gnu-toolchain/bin/../lib/gcc/arm-none-eabi/6.2.1/thumb/v6-m/crtn.o

.comment        0x00000000       0x59
 .comment       0x00000000       0x59 NcssCoreDrivers/src/Mcu.o
                                 0x5a (size before relaxing)
 .comment       0x00000059       0x5a NcssCoreDrivers/src/debug.o
 .comment       0x00000059       0x5a NcssCoreDrivers/src/Input.o
 .comment       0x00000059       0x5a NcssCoreDrivers/src/Sercom.o
 .comment       0x00000059       0x5a NcssCoreDrivers/src/SoftFifo.o
 .comment       0x00000059       0x5a NcssCoreDrivers/src/SoftTimer.o
 .comment       0x00000059       0x5a NcssCoreDrivers/src/Spi.o
 .comment       0x00000059       0x5a NcssCoreDrivers/src/Uart.o
 .comment       0x00000059       0x5a NcssCoreDrivers/src/Utils.o
 .comment       0x00000059       0x5a NcssCoreDrivers/src/WatchDogTimer.o
 .comment       0x00000059       0x5a Device_Startup/startup_saml22.o
 .comment       0x00000059       0x5a Device_Startup/system_saml22.o
 .comment       0x00000059       0x5a FlowSensors/AFE1000/AFE.o
 .comment       0x00000059       0x5a FlowSensors/Flow.o
 .comment       0x00000059       0x5a FlowSensors/TDC7200/TDC.o
 .comment       0x00000059       0x5a main.o

.debug_info     0x00000000     0xfbce
 .debug_info    0x00000000     0x2a0b NcssCoreDrivers/src/Mcu.o
 .debug_info    0x00002a0b      0x63f NcssCoreDrivers/src/debug.o
 .debug_info    0x0000304a     0x146d NcssCoreDrivers/src/Input.o
 .debug_info    0x000044b7     0x2d38 NcssCoreDrivers/src/Sercom.o
 .debug_info    0x000071ef      0x377 NcssCoreDrivers/src/SoftFifo.o
 .debug_info    0x00007566     0x1f9e NcssCoreDrivers/src/SoftTimer.o
 .debug_info    0x00009504     0x156d NcssCoreDrivers/src/Spi.o
 .debug_info    0x0000aa71     0x19b5 NcssCoreDrivers/src/Uart.o
 .debug_info    0x0000c426      0x4d7 NcssCoreDrivers/src/Utils.o
 .debug_info    0x0000c8fd      0x7ba NcssCoreDrivers/src/WatchDogTimer.o
 .debug_info    0x0000d0b7      0x4da Device_Startup/startup_saml22.o
 .debug_info    0x0000d591       0xd7 Device_Startup/system_saml22.o
 .debug_info    0x0000d668      0x6b9 FlowSensors/AFE1000/AFE.o
 .debug_info    0x0000dd21     0x1154 FlowSensors/Flow.o
 .debug_info    0x0000ee75      0xa01 FlowSensors/TDC7200/TDC.o
 .debug_info    0x0000f876      0x358 main.o

.debug_abbrev   0x00000000     0x1c74
 .debug_abbrev  0x00000000      0x220 NcssCoreDrivers/src/Mcu.o
 .debug_abbrev  0x00000220      0x133 NcssCoreDrivers/src/debug.o
 .debug_abbrev  0x00000353      0x28e NcssCoreDrivers/src/Input.o
 .debug_abbrev  0x000005e1      0x2ad NcssCoreDrivers/src/Sercom.o
 .debug_abbrev  0x0000088e      0x139 NcssCoreDrivers/src/SoftFifo.o
 .debug_abbrev  0x000009c7      0x2bd NcssCoreDrivers/src/SoftTimer.o
 .debug_abbrev  0x00000c84      0x200 NcssCoreDrivers/src/Spi.o
 .debug_abbrev  0x00000e84      0x24f NcssCoreDrivers/src/Uart.o
 .debug_abbrev  0x000010d3      0x145 NcssCoreDrivers/src/Utils.o
 .debug_abbrev  0x00001218      0x25b NcssCoreDrivers/src/WatchDogTimer.o
 .debug_abbrev  0x00001473      0x142 Device_Startup/startup_saml22.o
 .debug_abbrev  0x000015b5       0x72 Device_Startup/system_saml22.o
 .debug_abbrev  0x00001627      0x14e FlowSensors/AFE1000/AFE.o
 .debug_abbrev  0x00001775      0x28b FlowSensors/Flow.o
 .debug_abbrev  0x00001a00      0x19e FlowSensors/TDC7200/TDC.o
 .debug_abbrev  0x00001b9e       0xd6 main.o

.debug_loc      0x00000000     0x1a65
 .debug_loc     0x00000000      0x20c NcssCoreDrivers/src/Mcu.o
 .debug_loc     0x0000020c      0x20c NcssCoreDrivers/src/debug.o
 .debug_loc     0x00000418      0x1b4 NcssCoreDrivers/src/Input.o
 .debug_loc     0x000005cc      0x310 NcssCoreDrivers/src/Sercom.o
 .debug_loc     0x000008dc      0x188 NcssCoreDrivers/src/SoftFifo.o
 .debug_loc     0x00000a64      0x218 NcssCoreDrivers/src/SoftTimer.o
 .debug_loc     0x00000c7c      0x118 NcssCoreDrivers/src/Spi.o
 .debug_loc     0x00000d94      0x230 NcssCoreDrivers/src/Uart.o
 .debug_loc     0x00000fc4      0x230 NcssCoreDrivers/src/Utils.o
 .debug_loc     0x000011f4      0x1c8 NcssCoreDrivers/src/WatchDogTimer.o
 .debug_loc     0x000013bc       0x64 Device_Startup/startup_saml22.o
 .debug_loc     0x00001420       0x58 Device_Startup/system_saml22.o
 .debug_loc     0x00001478      0x1a8 FlowSensors/AFE1000/AFE.o
 .debug_loc     0x00001620      0x1b5 FlowSensors/Flow.o
 .debug_loc     0x000017d5      0x264 FlowSensors/TDC7200/TDC.o
 .debug_loc     0x00001a39       0x2c main.o

.debug_aranges  0x00000000      0x570
 .debug_aranges
                0x00000000       0x68 NcssCoreDrivers/src/Mcu.o
 .debug_aranges
                0x00000068       0x68 NcssCoreDrivers/src/debug.o
 .debug_aranges
                0x000000d0       0x58 NcssCoreDrivers/src/Input.o
 .debug_aranges
                0x00000128       0x88 NcssCoreDrivers/src/Sercom.o
 .debug_aranges
                0x000001b0       0x50 NcssCoreDrivers/src/SoftFifo.o
 .debug_aranges
                0x00000200       0x68 NcssCoreDrivers/src/SoftTimer.o
 .debug_aranges
                0x00000268       0x40 NcssCoreDrivers/src/Spi.o
 .debug_aranges
                0x000002a8       0x68 NcssCoreDrivers/src/Uart.o
 .debug_aranges
                0x00000310       0x68 NcssCoreDrivers/src/Utils.o
 .debug_aranges
                0x00000378       0x60 NcssCoreDrivers/src/WatchDogTimer.o
 .debug_aranges
                0x000003d8       0x28 Device_Startup/startup_saml22.o
 .debug_aranges
                0x00000400       0x28 Device_Startup/system_saml22.o
 .debug_aranges
                0x00000428       0x58 FlowSensors/AFE1000/AFE.o
 .debug_aranges
                0x00000480       0x58 FlowSensors/Flow.o
 .debug_aranges
                0x000004d8       0x78 FlowSensors/TDC7200/TDC.o
 .debug_aranges
                0x00000550       0x20 main.o

.debug_ranges   0x00000000      0x470
 .debug_ranges  0x00000000       0x58 NcssCoreDrivers/src/Mcu.o
 .debug_ranges  0x00000058       0x58 NcssCoreDrivers/src/debug.o
 .debug_ranges  0x000000b0       0x48 NcssCoreDrivers/src/Input.o
 .debug_ranges  0x000000f8       0x78 NcssCoreDrivers/src/Sercom.o
 .debug_ranges  0x00000170       0x40 NcssCoreDrivers/src/SoftFifo.o
 .debug_ranges  0x000001b0       0x58 NcssCoreDrivers/src/SoftTimer.o
 .debug_ranges  0x00000208       0x30 NcssCoreDrivers/src/Spi.o
 .debug_ranges  0x00000238       0x58 NcssCoreDrivers/src/Uart.o
 .debug_ranges  0x00000290       0x58 NcssCoreDrivers/src/Utils.o
 .debug_ranges  0x000002e8       0x50 NcssCoreDrivers/src/WatchDogTimer.o
 .debug_ranges  0x00000338       0x18 Device_Startup/startup_saml22.o
 .debug_ranges  0x00000350       0x18 Device_Startup/system_saml22.o
 .debug_ranges  0x00000368       0x48 FlowSensors/AFE1000/AFE.o
 .debug_ranges  0x000003b0       0x48 FlowSensors/Flow.o
 .debug_ranges  0x000003f8       0x68 FlowSensors/TDC7200/TDC.o
 .debug_ranges  0x00000460       0x10 main.o

.debug_macro    0x00000000    0x18fbd
 .debug_macro   0x00000000      0x3bc NcssCoreDrivers/src/Mcu.o
 .debug_macro   0x000003bc      0x8b6 NcssCoreDrivers/src/Mcu.o
 .debug_macro   0x00000c72       0x22 NcssCoreDrivers/src/Mcu.o
 .debug_macro   0x00000c94       0x87 NcssCoreDrivers/src/Mcu.o
 .debug_macro   0x00000d1b       0x51 NcssCoreDrivers/src/Mcu.o
 .debug_macro   0x00000d6c       0xef NcssCoreDrivers/src/Mcu.o
 .debug_macro   0x00000e5b       0x6a NcssCoreDrivers/src/Mcu.o
 .debug_macro   0x00000ec5      0x1df NcssCoreDrivers/src/Mcu.o
 .debug_macro   0x000010a4       0x40 NcssCoreDrivers/src/Mcu.o
 .debug_macro   0x000010e4       0x3a NcssCoreDrivers/src/Mcu.o
 .debug_macro   0x0000111e       0x1f NcssCoreDrivers/src/Mcu.o
 .debug_macro   0x0000113d      0x376 NcssCoreDrivers/src/Mcu.o
 .debug_macro   0x000014b3      0x713 NcssCoreDrivers/src/Mcu.o
 .debug_macro   0x00001bc6      0x958 NcssCoreDrivers/src/Mcu.o
 .debug_macro   0x0000251e      0x279 NcssCoreDrivers/src/Mcu.o
 .debug_macro   0x00002797      0x21d NcssCoreDrivers/src/Mcu.o
 .debug_macro   0x000029b4      0xe12 NcssCoreDrivers/src/Mcu.o
 .debug_macro   0x000037c6      0x5b6 NcssCoreDrivers/src/Mcu.o
 .debug_macro   0x00003d7c      0x5be NcssCoreDrivers/src/Mcu.o
 .debug_macro   0x0000433a      0x623 NcssCoreDrivers/src/Mcu.o
 .debug_macro   0x0000495d      0x172 NcssCoreDrivers/src/Mcu.o
 .debug_macro   0x00004acf      0x279 NcssCoreDrivers/src/Mcu.o
 .debug_macro   0x00004d48      0x466 NcssCoreDrivers/src/Mcu.o
 .debug_macro   0x000051ae      0x21c NcssCoreDrivers/src/Mcu.o
 .debug_macro   0x000053ca      0x767 NcssCoreDrivers/src/Mcu.o
 .debug_macro   0x00005b31      0x7bf NcssCoreDrivers/src/Mcu.o
 .debug_macro   0x000062f0      0x28d NcssCoreDrivers/src/Mcu.o
 .debug_macro   0x0000657d      0x5f3 NcssCoreDrivers/src/Mcu.o
 .debug_macro   0x00006b70      0x1c6 NcssCoreDrivers/src/Mcu.o
 .debug_macro   0x00006d36      0x307 NcssCoreDrivers/src/Mcu.o
 .debug_macro   0x0000703d       0xac NcssCoreDrivers/src/Mcu.o
 .debug_macro   0x000070e9     0x1c53 NcssCoreDrivers/src/Mcu.o
 .debug_macro   0x00008d3c      0xff4 NcssCoreDrivers/src/Mcu.o
 .debug_macro   0x00009d30      0xd40 NcssCoreDrivers/src/Mcu.o
 .debug_macro   0x0000aa70      0x874 NcssCoreDrivers/src/Mcu.o
 .debug_macro   0x0000b2e4      0x9bf NcssCoreDrivers/src/Mcu.o
 .debug_macro   0x0000bca3      0x8ad NcssCoreDrivers/src/Mcu.o
 .debug_macro   0x0000c550     0x19bd NcssCoreDrivers/src/Mcu.o
 .debug_macro   0x0000df0d       0xe7 NcssCoreDrivers/src/Mcu.o
 .debug_macro   0x0000dff4      0xb7c NcssCoreDrivers/src/Mcu.o
 .debug_macro   0x0000eb70      0x369 NcssCoreDrivers/src/Mcu.o
 .debug_macro   0x0000eed9       0x7c NcssCoreDrivers/src/Mcu.o
 .debug_macro   0x0000ef55       0xac NcssCoreDrivers/src/Mcu.o
 .debug_macro   0x0000f001       0xca NcssCoreDrivers/src/Mcu.o
 .debug_macro   0x0000f0cb       0x4c NcssCoreDrivers/src/Mcu.o
 .debug_macro   0x0000f117       0xdc NcssCoreDrivers/src/Mcu.o
 .debug_macro   0x0000f1f3       0xb2 NcssCoreDrivers/src/Mcu.o
 .debug_macro   0x0000f2a5       0x64 NcssCoreDrivers/src/Mcu.o
 .debug_macro   0x0000f309      0x452 NcssCoreDrivers/src/Mcu.o
 .debug_macro   0x0000f75b       0x4c NcssCoreDrivers/src/Mcu.o
 .debug_macro   0x0000f7a7      0x148 NcssCoreDrivers/src/Mcu.o
 .debug_macro   0x0000f8ef       0x5e NcssCoreDrivers/src/Mcu.o
 .debug_macro   0x0000f94d       0xa0 NcssCoreDrivers/src/Mcu.o
 .debug_macro   0x0000f9ed       0xc4 NcssCoreDrivers/src/Mcu.o
 .debug_macro   0x0000fab1       0xb2 NcssCoreDrivers/src/Mcu.o
 .debug_macro   0x0000fb63       0x4c NcssCoreDrivers/src/Mcu.o
 .debug_macro   0x0000fbaf       0x64 NcssCoreDrivers/src/Mcu.o
 .debug_macro   0x0000fc13       0x40 NcssCoreDrivers/src/Mcu.o
 .debug_macro   0x0000fc53      0x1d9 NcssCoreDrivers/src/Mcu.o
 .debug_macro   0x0000fe2c       0x22 NcssCoreDrivers/src/Mcu.o
 .debug_macro   0x0000fe4e      0x15d NcssCoreDrivers/src/Mcu.o
 .debug_macro   0x0000ffab      0x172 NcssCoreDrivers/src/Mcu.o
 .debug_macro   0x0001011d      0x172 NcssCoreDrivers/src/Mcu.o
 .debug_macro   0x0001028f      0x172 NcssCoreDrivers/src/Mcu.o
 .debug_macro   0x00010401      0x172 NcssCoreDrivers/src/Mcu.o
 .debug_macro   0x00010573      0x172 NcssCoreDrivers/src/Mcu.o
 .debug_macro   0x000106e5      0x172 NcssCoreDrivers/src/Mcu.o
 .debug_macro   0x00010857      0x11e NcssCoreDrivers/src/Mcu.o
 .debug_macro   0x00010975       0x5e NcssCoreDrivers/src/Mcu.o
 .debug_macro   0x000109d3      0x167 NcssCoreDrivers/src/Mcu.o
 .debug_macro   0x00010b3a       0xfa NcssCoreDrivers/src/Mcu.o
 .debug_macro   0x00010c34       0xfa NcssCoreDrivers/src/Mcu.o
 .debug_macro   0x00010d2e       0xfa NcssCoreDrivers/src/Mcu.o
 .debug_macro   0x00010e28       0xfa NcssCoreDrivers/src/Mcu.o
 .debug_macro   0x00010f22      0x124 NcssCoreDrivers/src/Mcu.o
 .debug_macro   0x00011046       0x2e NcssCoreDrivers/src/Mcu.o
 .debug_macro   0x00011074      0x1f9 NcssCoreDrivers/src/Mcu.o
 .debug_macro   0x0001126d       0x3a NcssCoreDrivers/src/Mcu.o
 .debug_macro   0x000112a7      0x41e NcssCoreDrivers/src/Mcu.o
 .debug_macro   0x000116c5     0x30e9 NcssCoreDrivers/src/Mcu.o
 .debug_macro   0x000147ae       0x6d NcssCoreDrivers/src/Mcu.o
 .debug_macro   0x0001481b       0x1c NcssCoreDrivers/src/Mcu.o
 .debug_macro   0x00014837      0x37a NcssCoreDrivers/src/debug.o
 .debug_macro   0x00014bb1      0x36c NcssCoreDrivers/src/Input.o
 .debug_macro   0x00014f1d      0x389 NcssCoreDrivers/src/Sercom.o
 .debug_macro   0x000152a6      0x35d NcssCoreDrivers/src/SoftFifo.o
 .debug_macro   0x00015603      0x363 NcssCoreDrivers/src/SoftTimer.o
 .debug_macro   0x00015966      0x38d NcssCoreDrivers/src/Spi.o
 .debug_macro   0x00015cf3      0x384 NcssCoreDrivers/src/Uart.o
 .debug_macro   0x00016077      0x35d NcssCoreDrivers/src/Utils.o
 .debug_macro   0x000163d4      0x353 NcssCoreDrivers/src/WatchDogTimer.o
 .debug_macro   0x00016727      0x353 Device_Startup/startup_saml22.o
 .debug_macro   0x00016a7a      0x359 Device_Startup/system_saml22.o
 .debug_macro   0x00016dd3      0x39d FlowSensors/AFE1000/AFE.o
 .debug_macro   0x00017170      0x2f3 FlowSensors/AFE1000/AFE.o
 .debug_macro   0x00017463      0x53b FlowSensors/Flow.o
 .debug_macro   0x0001799e      0x214 FlowSensors/Flow.o
 .debug_macro   0x00017bb2       0x52 FlowSensors/Flow.o
 .debug_macro   0x00017c04       0x35 FlowSensors/Flow.o
 .debug_macro   0x00017c39       0x9c FlowSensors/Flow.o
 .debug_macro   0x00017cd5       0x16 FlowSensors/Flow.o
 .debug_macro   0x00017ceb      0x10e FlowSensors/Flow.o
 .debug_macro   0x00017df9       0x86 FlowSensors/Flow.o
 .debug_macro   0x00017e7f       0x52 FlowSensors/Flow.o
 .debug_macro   0x00017ed1       0x1f FlowSensors/Flow.o
 .debug_macro   0x00017ef0       0x43 FlowSensors/Flow.o
 .debug_macro   0x00017f33       0x20 FlowSensors/Flow.o
 .debug_macro   0x00017f53      0x187 FlowSensors/Flow.o
 .debug_macro   0x000180da      0x330 FlowSensors/Flow.o
 .debug_macro   0x0001840a       0x16 FlowSensors/Flow.o
 .debug_macro   0x00018420       0x29 FlowSensors/Flow.o
 .debug_macro   0x00018449       0x1c FlowSensors/Flow.o
 .debug_macro   0x00018465       0x35 FlowSensors/Flow.o
 .debug_macro   0x0001849a       0x10 FlowSensors/Flow.o
 .debug_macro   0x000184aa       0x10 FlowSensors/Flow.o
 .debug_macro   0x000184ba       0x1c FlowSensors/Flow.o
 .debug_macro   0x000184d6       0x52 FlowSensors/Flow.o
 .debug_macro   0x00018528       0x40 FlowSensors/Flow.o
 .debug_macro   0x00018568       0x10 FlowSensors/Flow.o
 .debug_macro   0x00018578       0x40 FlowSensors/Flow.o
 .debug_macro   0x000185b8       0xd7 FlowSensors/Flow.o
 .debug_macro   0x0001868f       0x16 FlowSensors/Flow.o
 .debug_macro   0x000186a5      0x18b FlowSensors/Flow.o
 .debug_macro   0x00018830      0x3cf FlowSensors/TDC7200/TDC.o
 .debug_macro   0x00018bff      0x3be main.o

.debug_line     0x00000000     0x880b
 .debug_line    0x00000000      0x810 NcssCoreDrivers/src/Mcu.o
 .debug_line    0x00000810      0x888 NcssCoreDrivers/src/debug.o
 .debug_line    0x00001098      0x857 NcssCoreDrivers/src/Input.o
 .debug_line    0x000018ef      0xa5e NcssCoreDrivers/src/Sercom.o
 .debug_line    0x0000234d      0x81e NcssCoreDrivers/src/SoftFifo.o
 .debug_line    0x00002b6b      0x881 NcssCoreDrivers/src/SoftTimer.o
 .debug_line    0x000033ec      0x878 NcssCoreDrivers/src/Spi.o
 .debug_line    0x00003c64      0x8d1 NcssCoreDrivers/src/Uart.o
 .debug_line    0x00004535      0x8a1 NcssCoreDrivers/src/Utils.o
 .debug_line    0x00004dd6      0x7c7 NcssCoreDrivers/src/WatchDogTimer.o
 .debug_line    0x0000559d      0x727 Device_Startup/startup_saml22.o
 .debug_line    0x00005cc4      0x70f Device_Startup/system_saml22.o
 .debug_line    0x000063d3      0x88d FlowSensors/AFE1000/AFE.o
 .debug_line    0x00006c60      0xa4c FlowSensors/Flow.o
 .debug_line    0x000076ac      0x95e FlowSensors/TDC7200/TDC.o
 .debug_line    0x0000800a      0x801 main.o

.debug_str      0x00000000    0x8c942
 .debug_str     0x00000000    0x84151 NcssCoreDrivers/src/Mcu.o
                              0x84429 (size before relaxing)
 .debug_str     0x00084151      0x281 NcssCoreDrivers/src/debug.o
                              0x83678 (size before relaxing)
 .debug_str     0x000843d2      0x46b NcssCoreDrivers/src/Input.o
                              0x83bad (size before relaxing)
 .debug_str     0x0008483d      0xd4c NcssCoreDrivers/src/Sercom.o
                              0x84658 (size before relaxing)
 .debug_str     0x00085589       0xdb NcssCoreDrivers/src/SoftFifo.o
                              0x834b7 (size before relaxing)
 .debug_str     0x00085664      0x465 NcssCoreDrivers/src/SoftTimer.o
                              0x83ceb (size before relaxing)
 .debug_str     0x00085ac9      0x130 NcssCoreDrivers/src/Spi.o
                              0x83f6d (size before relaxing)
 .debug_str     0x00085bf9      0x108 NcssCoreDrivers/src/Uart.o
                              0x83c28 (size before relaxing)
 .debug_str     0x00085d01      0x14a NcssCoreDrivers/src/Utils.o
                              0x834d5 (size before relaxing)
 .debug_str     0x00085e4b      0x169 NcssCoreDrivers/src/WatchDogTimer.o
                              0x836f0 (size before relaxing)
 .debug_str     0x00085fb4      0x35c Device_Startup/startup_saml22.o
                              0x836cb (size before relaxing)
 .debug_str     0x00086310       0x51 Device_Startup/system_saml22.o
                              0x8338a (size before relaxing)
 .debug_str     0x00086361     0x149a FlowSensors/AFE1000/AFE.o
                              0x84ef0 (size before relaxing)
 .debug_str     0x000877fb     0x4f5b FlowSensors/Flow.o
                              0x89e2f (size before relaxing)
 .debug_str     0x0008c756      0x1d5 FlowSensors/TDC7200/TDC.o
                              0x85e13 (size before relaxing)
 .debug_str     0x0008c92b       0x17 main.o
                              0x84755 (size before relaxing)

.debug_frame    0x00000000     0x1430
 .debug_frame   0x00000000      0x148 NcssCoreDrivers/src/Mcu.o
 .debug_frame   0x00000148      0x148 NcssCoreDrivers/src/debug.o
 .debug_frame   0x00000290      0x10c NcssCoreDrivers/src/Input.o
 .debug_frame   0x0000039c      0x1d0 NcssCoreDrivers/src/Sercom.o
 .debug_frame   0x0000056c       0xf0 NcssCoreDrivers/src/SoftFifo.o
 .debug_frame   0x0000065c      0x148 NcssCoreDrivers/src/SoftTimer.o
 .debug_frame   0x000007a4       0xb4 NcssCoreDrivers/src/Spi.o
 .debug_frame   0x00000858      0x154 NcssCoreDrivers/src/Uart.o
 .debug_frame   0x000009ac      0x150 NcssCoreDrivers/src/Utils.o
 .debug_frame   0x00000afc      0x120 NcssCoreDrivers/src/WatchDogTimer.o
 .debug_frame   0x00000c1c       0x4c Device_Startup/startup_saml22.o
 .debug_frame   0x00000c68       0x48 Device_Startup/system_saml22.o
 .debug_frame   0x00000cb0      0x108 FlowSensors/AFE1000/AFE.o
 .debug_frame   0x00000db8      0x11c FlowSensors/Flow.o
 .debug_frame   0x00000ed4      0x17c FlowSensors/TDC7200/TDC.o
 .debug_frame   0x00001050       0x2c main.o
 .debug_frame   0x0000107c       0x20 c:/program files (x86)/atmel/studio/7.0/toolchain/arm/arm-gnu-toolchain/bin/../lib/gcc/arm-none-eabi/6.2.1/thumb/v6-m\libgcc.a(_udivsi3.o)
 .debug_frame   0x0000109c       0x34 c:/program files (x86)/atmel/studio/7.0/toolchain/arm/arm-gnu-toolchain/bin/../lib/gcc/arm-none-eabi/6.2.1/thumb/v6-m\libgcc.a(_muldi3.o)
 .debug_frame   0x000010d0       0x2c c:/program files (x86)/atmel/studio/7.0/toolchain/arm/arm-gnu-toolchain/bin/../lib/gcc/arm-none-eabi/6.2.1/thumb/v6-m\libgcc.a(_fixunsdfsi.o)
 .debug_frame   0x000010fc       0x3c c:/program files (x86)/atmel/studio/7.0/toolchain/arm/arm-gnu-toolchain/bin/../lib/gcc/arm-none-eabi/6.2.1/thumb/v6-m\libgcc.a(_udivmoddi4.o)
 .debug_frame   0x00001138       0x3c c:/program files (x86)/atmel/studio/7.0/toolchain/arm/arm-gnu-toolchain/bin/../lib/gcc/arm-none-eabi/6.2.1/thumb/v6-m\libgcc.a(adddf3.o)
 .debug_frame   0x00001174       0x3c c:/program files (x86)/atmel/studio/7.0/toolchain/arm/arm-gnu-toolchain/bin/../lib/gcc/arm-none-eabi/6.2.1/thumb/v6-m\libgcc.a(divdf3.o)
 .debug_frame   0x000011b0       0x38 c:/program files (x86)/atmel/studio/7.0/toolchain/arm/arm-gnu-toolchain/bin/../lib/gcc/arm-none-eabi/6.2.1/thumb/v6-m\libgcc.a(eqdf2.o)
 .debug_frame   0x000011e8       0x38 c:/program files (x86)/atmel/studio/7.0/toolchain/arm/arm-gnu-toolchain/bin/../lib/gcc/arm-none-eabi/6.2.1/thumb/v6-m\libgcc.a(gedf2.o)
 .debug_frame   0x00001220       0x38 c:/program files (x86)/atmel/studio/7.0/toolchain/arm/arm-gnu-toolchain/bin/../lib/gcc/arm-none-eabi/6.2.1/thumb/v6-m\libgcc.a(ledf2.o)
 .debug_frame   0x00001258       0x3c c:/program files (x86)/atmel/studio/7.0/toolchain/arm/arm-gnu-toolchain/bin/../lib/gcc/arm-none-eabi/6.2.1/thumb/v6-m\libgcc.a(muldf3.o)
 .debug_frame   0x00001294       0x38 c:/program files (x86)/atmel/studio/7.0/toolchain/arm/arm-gnu-toolchain/bin/../lib/gcc/arm-none-eabi/6.2.1/thumb/v6-m\libgcc.a(subdf3.o)
 .debug_frame   0x000012cc       0x2c c:/program files (x86)/atmel/studio/7.0/toolchain/arm/arm-gnu-toolchain/bin/../lib/gcc/arm-none-eabi/6.2.1/thumb/v6-m\libgcc.a(fixdfsi.o)
 .debug_frame   0x000012f8       0x28 c:/program files (x86)/atmel/studio/7.0/toolchain/arm/arm-gnu-toolchain/bin/../lib/gcc/arm-none-eabi/6.2.1/thumb/v6-m\libgcc.a(floatunsidf.o)
 .debug_frame   0x00001320       0x2c c:/program files (x86)/atmel/studio/7.0/toolchain/arm/arm-gnu-toolchain/bin/../lib/gcc/arm-none-eabi/6.2.1/../../../../arm-none-eabi/lib/thumb/v6-m\libc.a(lib_a-init.o)
 .debug_frame   0x0000134c       0x54 c:/program files (x86)/atmel/studio/7.0/toolchain/arm/arm-gnu-toolchain/bin/../lib/gcc/arm-none-eabi/6.2.1/../../../../arm-none-eabi/lib/thumb/v6-m\libc.a(lib_a-__call_atexit.o)
 .debug_frame   0x000013a0       0x28 c:/program files (x86)/atmel/studio/7.0/toolchain/arm/arm-gnu-toolchain/bin/../lib/gcc/arm-none-eabi/6.2.1/../../../../arm-none-eabi/lib/thumb/v6-m\libc.a(lib_a-atexit.o)
 .debug_frame   0x000013c8       0x2c c:/program files (x86)/atmel/studio/7.0/toolchain/arm/arm-gnu-toolchain/bin/../lib/gcc/arm-none-eabi/6.2.1/../../../../arm-none-eabi/lib/thumb/v6-m\libc.a(lib_a-fini.o)
 .debug_frame   0x000013f4       0x3c c:/program files (x86)/atmel/studio/7.0/toolchain/arm/arm-gnu-toolchain/bin/../lib/gcc/arm-none-eabi/6.2.1/../../../../arm-none-eabi/lib/thumb/v6-m\libc.a(lib_a-__atexit.o)
